[0.389s] DEBUG:colcon:Command line arguments: ['/usr/bin/colcon', 'build', '--packages-select', 'benzene_explore_msgs', 'benzene_explore', '--symlink-install']
[0.389s] DEBUG:colcon:Parsed command line arguments: Namespace(log_base=None, log_level=None, verb_name='build', build_base='build', install_base='install', merge_install=False, symlink_install=True, test_result_base=None, continue_on_error=False, executor='parallel', parallel_workers=16, event_handlers=None, ignore_user_meta=False, metas=['./colcon.meta'], base_paths=['.'], packages_ignore=None, packages_ignore_regex=None, paths=None, packages_up_to=None, packages_up_to_regex=None, packages_above=None, packages_above_and_dependencies=None, packages_above_depth=None, packages_select_by_dep=None, packages_skip_by_dep=None, packages_skip_up_to=None, packages_select_build_failed=False, packages_skip_build_finished=False, packages_select_test_failures=False, packages_skip_test_passed=False, packages_select=['benzene_explore_msgs', 'benzene_explore'], packages_skip=None, packages_select_regex=None, packages_skip_regex=None, packages_start=None, packages_end=None, allow_overriding=[], lookup_in_workspace=False, cargo_args=None, clean_build=False, cmake_args=None, cmake_target=None, cmake_target_skip_unavailable=False, cmake_clean_cache=False, cmake_clean_first=False, cmake_force_configure=False, ament_cmake_args=None, catkin_cmake_args=None, catkin_skip_building_tests=False, mixin_files=None, mixin=None, verb_parser=<colcon_mixin.mixin.mixin_argument.MixinArgumentDecorator object at 0x7573cebedd30>, verb_extension=<colcon_core.verb.build.BuildVerb object at 0x7573ceb12510>, main=<bound method BuildVerb.main of <colcon_core.verb.build.BuildVerb object at 0x7573ceb12510>>, mixin_verb=('build',))
[0.556s] Level 1:colcon.colcon_core.package_discovery:discover_packages(colcon_meta) check parameters
[0.557s] Level 1:colcon.colcon_core.package_discovery:discover_packages(recursive) check parameters
[0.557s] Level 1:colcon.colcon_core.package_discovery:discover_packages(ignore) check parameters
[0.557s] Level 1:colcon.colcon_core.package_discovery:discover_packages(path) check parameters
[0.557s] Level 1:colcon.colcon_core.package_discovery:discover_packages(cargo_workspace) check parameters
[0.557s] Level 1:colcon.colcon_core.package_discovery:discover_packages(colcon_meta) discover
[0.557s] Level 1:colcon.colcon_core.package_discovery:discover_packages(recursive) discover
[0.557s] INFO:colcon.colcon_core.package_discovery:Crawling recursively for packages in '/home/atharv/ros2_ws/src/benzene/benzene_explore'
[0.558s] Level 1:colcon.colcon_core.package_identification:_identify(.) by extensions ['ignore', 'ignore_ament_install']
[0.558s] Level 1:colcon.colcon_core.package_identification:_identify(.) by extension 'ignore'
[0.558s] Level 1:colcon.colcon_core.package_identification:_identify(.) by extension 'ignore_ament_install'
[0.558s] Level 1:colcon.colcon_core.package_identification:_identify(.) by extensions ['cargo_workspace']
[0.558s] Level 1:colcon.colcon_core.package_identification:_identify(.) by extension 'cargo_workspace'
[0.558s] Level 1:colcon.colcon_core.package_identification:_identify(.) by extensions ['colcon_pkg']
[0.558s] Level 1:colcon.colcon_core.package_identification:_identify(.) by extension 'colcon_pkg'
[0.558s] Level 1:colcon.colcon_core.package_identification:_identify(.) by extensions ['colcon_meta']
[0.558s] Level 1:colcon.colcon_core.package_identification:_identify(.) by extension 'colcon_meta'
[0.559s] Level 1:colcon.colcon_core.package_identification:_identify(.) by extensions ['ament_cargo']
[0.559s] Level 1:colcon.colcon_core.package_identification:_identify(.) by extension 'ament_cargo'
[0.565s] Level 1:colcon.colcon_core.package_identification:_identify(.) by extensions ['ros']
[0.565s] Level 1:colcon.colcon_core.package_identification:_identify(.) by extension 'ros'
[0.568s] DEBUG:colcon.colcon_core.package_identification:Package '.' with type 'ros.ament_cmake' and name 'benzene_explore'
[0.568s] Level 1:colcon.colcon_core.package_discovery:discover_packages(recursive) using defaults
[0.568s] Level 1:colcon.colcon_core.package_discovery:discover_packages(ignore) discover
[0.568s] Level 1:colcon.colcon_core.package_discovery:discover_packages(ignore) using defaults
[0.568s] Level 1:colcon.colcon_core.package_discovery:discover_packages(path) discover
[0.568s] Level 1:colcon.colcon_core.package_discovery:discover_packages(path) using defaults
[0.568s] Level 1:colcon.colcon_core.package_discovery:discover_packages(cargo_workspace) discover
[0.568s] Level 1:colcon.colcon_core.package_discovery:discover_packages(cargo_workspace) using defaults
[0.568s] WARNING:colcon.colcon_core.package_selection:ignoring unknown package 'benzene_explore_msgs' in --packages-select
[0.614s] Level 1:colcon.colcon_core.package_discovery:discover_packages(prefix_path) check parameters
[0.614s] Level 1:colcon.colcon_core.package_discovery:discover_packages(prefix_path) discover
[0.622s] DEBUG:colcon.colcon_installed_package_information.package_discovery:Found 18 installed packages in /home/atharv/ros2_ws/install
[0.629s] DEBUG:colcon.colcon_installed_package_information.package_discovery:Found 576 installed packages in /opt/ros/jazzy
[0.632s] Level 1:colcon.colcon_core.package_discovery:discover_packages(prefix_path) using defaults
[0.834s] Level 5:colcon.colcon_core.verb:set package 'benzene_explore' build argument 'lookup_in_workspace' from command line to 'False'
[0.834s] Level 5:colcon.colcon_core.verb:set package 'benzene_explore' build argument 'cargo_args' from command line to 'None'
[0.834s] Level 5:colcon.colcon_core.verb:set package 'benzene_explore' build argument 'clean_build' from command line to 'False'
[0.834s] Level 5:colcon.colcon_core.verb:set package 'benzene_explore' build argument 'cmake_args' from command line to 'None'
[0.834s] Level 5:colcon.colcon_core.verb:set package 'benzene_explore' build argument 'cmake_target' from command line to 'None'
[0.834s] Level 5:colcon.colcon_core.verb:set package 'benzene_explore' build argument 'cmake_target_skip_unavailable' from command line to 'False'
[0.834s] Level 5:colcon.colcon_core.verb:set package 'benzene_explore' build argument 'cmake_clean_cache' from command line to 'False'
[0.834s] Level 5:colcon.colcon_core.verb:set package 'benzene_explore' build argument 'cmake_clean_first' from command line to 'False'
[0.834s] Level 5:colcon.colcon_core.verb:set package 'benzene_explore' build argument 'cmake_force_configure' from command line to 'False'
[0.834s] Level 5:colcon.colcon_core.verb:set package 'benzene_explore' build argument 'ament_cmake_args' from command line to 'None'
[0.834s] Level 5:colcon.colcon_core.verb:set package 'benzene_explore' build argument 'catkin_cmake_args' from command line to 'None'
[0.834s] Level 5:colcon.colcon_core.verb:set package 'benzene_explore' build argument 'catkin_skip_building_tests' from command line to 'False'
[0.834s] DEBUG:colcon.colcon_core.verb:Building package 'benzene_explore' with the following arguments: {'ament_cmake_args': None, 'build_base': '/home/atharv/ros2_ws/src/benzene/benzene_explore/build/benzene_explore', 'cargo_args': None, 'catkin_cmake_args': None, 'catkin_skip_building_tests': False, 'clean_build': False, 'cmake_args': None, 'cmake_clean_cache': False, 'cmake_clean_first': False, 'cmake_force_configure': False, 'cmake_target': None, 'cmake_target_skip_unavailable': False, 'install_base': '/home/atharv/ros2_ws/src/benzene/benzene_explore/install/benzene_explore', 'lookup_in_workspace': False, 'merge_install': False, 'path': '/home/atharv/ros2_ws/src/benzene/benzene_explore', 'symlink_install': True, 'test_result_base': None}
[0.835s] INFO:colcon.colcon_core.executor:Executing jobs using 'parallel' executor
[0.837s] DEBUG:colcon.colcon_parallel_executor.executor.parallel:run_until_complete
[0.837s] INFO:colcon.colcon_ros.task.ament_cmake.build:Building ROS package in '/home/atharv/ros2_ws/src/benzene/benzene_explore' with build type 'ament_cmake'
[0.837s] INFO:colcon.colcon_cmake.task.cmake.build:Building CMake package in '/home/atharv/ros2_ws/src/benzene/benzene_explore'
[0.841s] INFO:colcon.colcon_core.plugin_system:Skipping extension 'colcon_core.shell.bat': Not used on non-Windows systems
[0.842s] INFO:colcon.colcon_core.shell:Skip shell extension 'powershell' for command environment: Not usable outside of PowerShell
[0.842s] DEBUG:colcon.colcon_core.shell:Skip shell extension 'dsv' for command environment
[0.868s] DEBUG:colcon.colcon_core.event_handler.log_command:Invoking command in '/home/atharv/ros2_ws/src/benzene/benzene_explore/build/benzene_explore': CMAKE_PREFIX_PATH=${CMAKE_PREFIX_PATH}:/home/atharv/ros2_ws/install/benzene_imu:/opt/ros/jazzy DEBUGINFOD_URLS=https://debuginfod.ubuntu.com /usr/bin/cmake /home/atharv/ros2_ws/src/benzene/benzene_explore -DAMENT_CMAKE_SYMLINK_INSTALL=1 -DCMAKE_INSTALL_PREFIX=/home/atharv/ros2_ws/src/benzene/benzene_explore/install/benzene_explore
[4.352s] DEBUG:colcon.colcon_core.event_handler.log_command:Invoked command in '/home/atharv/ros2_ws/src/benzene/benzene_explore/build/benzene_explore' returned '1': CMAKE_PREFIX_PATH=${CMAKE_PREFIX_PATH}:/home/atharv/ros2_ws/install/benzene_imu:/opt/ros/jazzy DEBUGINFOD_URLS=https://debuginfod.ubuntu.com /usr/bin/cmake /home/atharv/ros2_ws/src/benzene/benzene_explore -DAMENT_CMAKE_SYMLINK_INSTALL=1 -DCMAKE_INSTALL_PREFIX=/home/atharv/ros2_ws/src/benzene/benzene_explore/install/benzene_explore
[4.372s] Level 1:colcon.colcon_core.environment:create_environment_scripts_only(benzene_explore)
[4.376s] Level 1:colcon.colcon_core.environment:checking '/home/atharv/ros2_ws/src/benzene/benzene_explore/install/benzene_explore' for CMake module files
[4.377s] Level 1:colcon.colcon_core.environment:checking '/home/atharv/ros2_ws/src/benzene/benzene_explore/install/benzene_explore' for CMake config files
[4.377s] Level 1:colcon.colcon_core.environment:checking '/home/atharv/ros2_ws/src/benzene/benzene_explore/install/benzene_explore/bin'
[4.377s] Level 1:colcon.colcon_core.environment:checking '/home/atharv/ros2_ws/src/benzene/benzene_explore/install/benzene_explore/lib/pkgconfig/benzene_explore.pc'
[4.378s] Level 1:colcon.colcon_core.environment:checking '/home/atharv/ros2_ws/src/benzene/benzene_explore/install/benzene_explore/lib/python3.12/site-packages'
[4.378s] Level 1:colcon.colcon_core.environment:checking '/home/atharv/ros2_ws/src/benzene/benzene_explore/install/benzene_explore/bin'
[4.378s] INFO:colcon.colcon_core.shell:Creating package script '/home/atharv/ros2_ws/src/benzene/benzene_explore/install/benzene_explore/share/benzene_explore/package.ps1'
[4.380s] INFO:colcon.colcon_core.shell:Creating package descriptor '/home/atharv/ros2_ws/src/benzene/benzene_explore/install/benzene_explore/share/benzene_explore/package.dsv'
[4.380s] INFO:colcon.colcon_core.shell:Creating package script '/home/atharv/ros2_ws/src/benzene/benzene_explore/install/benzene_explore/share/benzene_explore/package.sh'
[4.381s] INFO:colcon.colcon_core.shell:Creating package script '/home/atharv/ros2_ws/src/benzene/benzene_explore/install/benzene_explore/share/benzene_explore/package.bash'
[4.382s] INFO:colcon.colcon_core.shell:Creating package script '/home/atharv/ros2_ws/src/benzene/benzene_explore/install/benzene_explore/share/benzene_explore/package.zsh'
[4.382s] Level 1:colcon.colcon_core.environment:create_file_with_runtime_dependencies(/home/atharv/ros2_ws/src/benzene/benzene_explore/install/benzene_explore/share/colcon-core/packages/benzene_explore)
[4.393s] DEBUG:colcon.colcon_parallel_executor.executor.parallel:closing loop
[4.393s] DEBUG:colcon.colcon_parallel_executor.executor.parallel:loop closed
[4.393s] DEBUG:colcon.colcon_parallel_executor.executor.parallel:run_until_complete finished with '1'
[4.393s] DEBUG:colcon.colcon_core.event_reactor:joining thread
[4.402s] INFO:colcon.colcon_core.plugin_system:Skipping extension 'colcon_notification.desktop_notification.terminal_notifier': Not used on non-Darwin systems
[4.402s] INFO:colcon.colcon_core.plugin_system:Skipping extension 'colcon_notification.desktop_notification.win32': Not used on non-Windows systems
[4.402s] INFO:colcon.colcon_notification.desktop_notification:Sending desktop notification using 'notify2'
[4.417s] DEBUG:colcon.colcon_core.event_reactor:joined thread
[4.418s] INFO:colcon.colcon_core.shell:Creating prefix script '/home/atharv/ros2_ws/src/benzene/benzene_explore/install/local_setup.ps1'
[4.419s] INFO:colcon.colcon_core.shell:Creating prefix util module '/home/atharv/ros2_ws/src/benzene/benzene_explore/install/_local_setup_util_ps1.py'
[4.420s] INFO:colcon.colcon_core.shell:Creating prefix chain script '/home/atharv/ros2_ws/src/benzene/benzene_explore/install/setup.ps1'
[4.422s] INFO:colcon.colcon_core.shell:Creating prefix script '/home/atharv/ros2_ws/src/benzene/benzene_explore/install/local_setup.sh'
[4.423s] INFO:colcon.colcon_core.shell:Creating prefix util module '/home/atharv/ros2_ws/src/benzene/benzene_explore/install/_local_setup_util_sh.py'
[4.424s] INFO:colcon.colcon_core.shell:Creating prefix chain script '/home/atharv/ros2_ws/src/benzene/benzene_explore/install/setup.sh'
[4.426s] INFO:colcon.colcon_core.shell:Creating prefix script '/home/atharv/ros2_ws/src/benzene/benzene_explore/install/local_setup.bash'
[4.426s] INFO:colcon.colcon_core.shell:Creating prefix chain script '/home/atharv/ros2_ws/src/benzene/benzene_explore/install/setup.bash'
[4.428s] INFO:colcon.colcon_core.shell:Creating prefix script '/home/atharv/ros2_ws/src/benzene/benzene_explore/install/local_setup.zsh'
[4.428s] INFO:colcon.colcon_core.shell:Creating prefix chain script '/home/atharv/ros2_ws/src/benzene/benzene_explore/install/setup.zsh'
